// Jest Snapshot v1, https://goo.gl/fbAQLP

exports[`CSV: relax characters after quoted cell: csv-characters-after-quoted.csv 1`] = `
Array [
  Array [
    "A",
    "B",
    "C",
  ],
  Array [
    "a",
    "\\"b",
    "c",
  ],
  Array [
    "x",
    "y",
    "z",
  ],
]
`;
