// Jest Snapshot v1, https://goo.gl/fbAQLP

exports[`TSV: simple: tsv-simple.tsv 1`] = `
Array [
  Array [
    "A,B,C",
  ],
  Array [
    "a,b,c",
  ],
  Array [
    "x,y,z",
  ],
]
`;
